&{{[{1326381446541 1326381453318 6777 100 task_1326381300833_2_2_m_0 SUCCEEDED MAP attempt_1326381300833_2_2_m_0_0} {1326381446544 1326381582103 135559 100 task_1326381300833_2_2_r_0 SUCCEEDED REDUCE attempt_1326381300833_2_2_r_0_0}]}}
