&{{container_1326381300833_0002_01_000002 100 2638 SUCCEEDED  /98.139.92.0 host.domain.com:8042 1326381450680 attempt_1326381300833_2_2_m_0_0 MAP 1326381453318}   }
