&{{[{1326381344449 SUCCEEDED user1 1 1 1326381344489 job_1326381300833_1_1 word count 1 1 default 1326381356010} {1326381446500 SUCCEEDED user1 1 1 1326381446529 job_1326381300833_2_2 Sleep job 1 1 default 1326381582106}]}}
